// Jest Snapshot v1, https://goo.gl/fbAQLP

exports[`Tests the players component matches snapshot 1`] = `"<div><br/><h4>There are no players online right now.</h4><br/></div>"`;
